Importing add_integer module
>>> add_integer = __import__('0-add_integer').add_integer


Adding 1 and 2
>>> add_integer(1, 2)
3

Adding 10000 and 2090900
>>> add_integer(10000, 2090900)
2100900

Adding 100 and -2
>>> add_integer(100, -2)
98

Passing one argument
>>> add_integer(2)
100

Adding 100.2 and -2
>>> add_integer(100.2, -2)
98.2

Adding 4 and "school"
>>> add_integer(4, "school")
Traceback (most recent call last):
	...
TypeError: b must be an integer

Adding "school" and 5
>>> add_integer("school", 5)
Traceback (most recent call last):
	...
TypeError: a must be an integer

Passing None
>>> add_integer(None)
Traceback (most recent call last):
	...
TypeError: a must be an integer

Adding 2.7 and 4.5
>>> add_integer(2.7, 4.5)
7.2

Adding 3 and list
>>> add_integer(3, [])
Traceback (most recent call last):
	...
TypeError: b must be an integer

Adding 4 and a tuple
>>> add_integer(4, ())
Traceback (most recent call last):
	...
TypeError: b must be an integer
